// package doc comment for github.com/foo/bar
package bar

import _ "go.brandnewcorp.com/abc/xyz"

func Bar() {
	// unrelated comment in func
	println("Hello, World! (from github.com/foo/bar)")
}
